
> ChukaCribs@1.0.0 test
> jest --detectOpenHandles --forceExit

  console.warn
    Starting the MongoMemoryServer Instance failed, enable debug log for more information. Error:
     GenericMMSError: Instance failed to start within 10000ms
        at Timeout.<anonymous> (C:\Users\User\Desktop\Chuka_cribs\node_modules\mongodb-memory-server-core\src\util\MongoInstance.ts:381:21)
        at listOnTimeout (node:internal/timers:588:17)
        at processTimers (node:internal/timers:523:7)

    [0m [90m  9 |[39m
     [90m 10 |[39m beforeAll([36masync[39m () [33m=>[39m {
    [31m[1m>[22m[39m[90m 11 |[39m   mongoServer [33m=[39m [36mawait[39m [33mMongoMemoryServer[39m[33m.[39mcreate()[33m;[39m
     [90m    |[39m                 [31m[1m^[22m[39m
     [90m 12 |[39m   [36mconst[39m mongoUri [33m=[39m mongoServer[33m.[39mgetUri()[33m;[39m
     [90m 13 |[39m   
     [90m 14 |[39m   [36mif[39m (mongoose[33m.[39mconnection[33m.[39mreadyState [33m!==[39m [35m0[39m) {[0m

      at node_modules/mongodb-memory-server-core/src/MongoMemoryServer.ts:307:17
      at MongoMemoryServer.start (node_modules/mongodb-memory-server-core/src/MongoMemoryServer.ts:298:5)
      at Function.create (node_modules/mongodb-memory-server-core/src/MongoMemoryServer.ts:265:5)
      at Object.<anonymous> (__tests__/routes/houses.test.js:11:17)

node.exe : FAIL __tests__/routes/houses.test.js 
(18.04 s)
At line:1 char:1
+ & "C:\Program Files\nodejs/node.exe" "C:\Program 
Files\nodejs/node_mo ...
+ ~~~~~~~~~~~~~~~~~~~~~~~~~~~~~~~~~~~~~~~~~~~~~~~~~~~
~~~~~~~~~~~~~~~~~~
    + CategoryInfo          : NotSpecified: (FAIL __ 
   tests__/...st.js (18.04 s):String) [], RemoteExc  
  eption
    + FullyQualifiedErrorId : NativeCommandError
 
  ΓùÅ Houses Routes ΓÇ║ GET /api/houses ΓÇ║ should 
retrieve all houses

    Instance failed to start within 10000ms

      at Timeout.<anonymous> (node_modules/mongodb-me
mory-server-core/src/util/MongoInstance.ts:381:21)

  ΓùÅ Houses Routes ΓÇ║ GET /api/houses ΓÇ║ should 
return empty array when no houses exist

    Instance failed to start within 10000ms

      at Timeout.<anonymous> (node_modules/mongodb-me
mory-server-core/src/util/MongoInstance.ts:381:21)

  ΓùÅ Houses Routes ΓÇ║ GET /api/houses ΓÇ║ should 
filter houses by location

    Instance failed to start within 10000ms

      at Timeout.<anonymous> (node_modules/mongodb-me
mory-server-core/src/util/MongoInstance.ts:381:21)

  ΓùÅ Houses Routes ΓÇ║ GET /api/houses ΓÇ║ should 
filter houses by price range

    Instance failed to start within 10000ms

      at Timeout.<anonymous> (node_modules/mongodb-me
mory-server-core/src/util/MongoInstance.ts:381:21)

  ΓùÅ Houses Routes ΓÇ║ GET /api/houses ΓÇ║ should 
filter houses by type

    Instance failed to start within 10000ms

      at Timeout.<anonymous> (node_modules/mongodb-me
mory-server-core/src/util/MongoInstance.ts:381:21)

  ΓùÅ Houses Routes ΓÇ║ GET /api/houses ΓÇ║ should 
support pagination

    Instance failed to start within 10000ms

      at Timeout.<anonymous> (node_modules/mongodb-me
mory-server-core/src/util/MongoInstance.ts:381:21)

  ΓùÅ Houses Routes ΓÇ║ GET /api/houses ΓÇ║ should 
sort houses by price

    Instance failed to start within 10000ms

      at Timeout.<anonymous> (node_modules/mongodb-me
mory-server-core/src/util/MongoInstance.ts:381:21)

  ΓùÅ Houses Routes ΓÇ║ GET /api/houses ΓÇ║ should 
include house amenities in response

    Instance failed to start within 10000ms

      at Timeout.<anonymous> (node_modules/mongodb-me
mory-server-core/src/util/MongoInstance.ts:381:21)

  ΓùÅ Houses Routes ΓÇ║ GET /api/houses/:id ΓÇ║ 
should get single house by ID

    Instance failed to start within 10000ms

      at Timeout.<anonymous> (node_modules/mongodb-me
mory-server-core/src/util/MongoInstance.ts:381:21)

  ΓùÅ Houses Routes ΓÇ║ GET /api/houses/:id ΓÇ║ 
should return 404 for non-existent house

    Instance failed to start within 10000ms

      at Timeout.<anonymous> (node_modules/mongodb-me
mory-server-core/src/util/MongoInstance.ts:381:21)

  ΓùÅ Houses Routes ΓÇ║ GET /api/houses/:id ΓÇ║ 
should return 400 for invalid house ID format

    Instance failed to start within 10000ms

      at Timeout.<anonymous> (node_modules/mongodb-me
mory-server-core/src/util/MongoInstance.ts:381:21)

  ΓùÅ Houses Routes ΓÇ║ GET /api/houses/:id ΓÇ║ 
should include all house details

    Instance failed to start within 10000ms

      at Timeout.<anonymous> (node_modules/mongodb-me
mory-server-core/src/util/MongoInstance.ts:381:21)

  ΓùÅ Houses Routes ΓÇ║ Search and Filter ΓÇ║ should 
search houses by title

    Instance failed to start within 10000ms

      at Timeout.<anonymous> (node_modules/mongodb-me
mory-server-core/src/util/MongoInstance.ts:381:21)

  ΓùÅ Houses Routes ΓÇ║ Search and Filter ΓÇ║ should 
combine multiple filters

    Instance failed to start within 10000ms

      at Timeout.<anonymous> (node_modules/mongodb-me
mory-server-core/src/util/MongoInstance.ts:381:21)

  ΓùÅ Houses Routes ΓÇ║ Search and Filter ΓÇ║ should 
handle empty filter results

    Instance failed to start within 10000ms

      at Timeout.<anonymous> (node_modules/mongodb-me
mory-server-core/src/util/MongoInstance.ts:381:21)

  ΓùÅ Houses Routes ΓÇ║ Error Handling ΓÇ║ should 
handle database errors gracefully

    Instance failed to start within 10000ms

      at Timeout.<anonymous> (node_modules/mongodb-me
mory-server-core/src/util/MongoInstance.ts:381:21)

  ΓùÅ Houses Routes ΓÇ║ Error Handling ΓÇ║ should 
validate query parameters

    Instance failed to start within 10000ms

      at Timeout.<anonymous> (node_modules/mongodb-me
mory-server-core/src/util/MongoInstance.ts:381:21)


  ΓùÅ Test suite failed to run

    TypeError: Cannot read properties of undefined 
(reading 'stop')

    [0m [90m 24 |[39m afterAll([36masync[39m () 
[33m=>[39m {
     [90m 25 |[39m   [36mawait[39m 
mongoose[33m.[39mdisconnect()[33m;[39m
    [31m[1m>[22m[39m[90m 26 |[39m   
[36mawait[39m 
mongoServer[33m.[39mstop()[33m;[39m
     [90m    |[39m                     
[31m[1m^[22m[39m
     [90m 27 |[39m })[33m;[39m
     [90m 28 |[39m
     [90m 29 |[39m beforeEach([36masync[39m () 
[33m=>[39m {[0m

      at Object.stop 
(__tests__/routes/houses.test.js:26:21)

(node:13428) DeprecationWarning: current URL string 
parser is deprecated, and will be removed in a 
future version. To use the new parser, pass option { 
useNewUrlParser: true } to MongoClient.connect.
(Use `node --trace-deprecation ...` to show where 
the warning was created)
(node:13428) [MONGODB DRIVER] Warning: Current 
Server Discovery and Monitoring engine is 
deprecated, and will be removed in a future version. 
To use the new Server Discover and Monitoring 
engine, pass option { useUnifiedTopology: true } to 
the MongoClient constructor.
(node:13428) DeprecationWarning: 
collection.ensureIndex is deprecated. Use 
createIndexes instead.
  console.log
    [dotenv@17.2.3] injecting env (45) from .env -- tip: ≡ƒæÑ sync secrets across teammates & machines: https://dotenvx.com/ops

      at _log (node_modules/dotenv/lib/main.js:142:11)

  console.log
    [2026-02-05T13:42:17.881Z] INFO: Sentry error tracking is disabled {}

      at Object.log [as info] (config/logger.js:14:13)

  console.log
    ≡ƒôÜ Swagger API docs available at: http://localhost:3000/api-docs

      at log (config/swagger.js:118:13)

  console.log
    [2026-02-05T13:42:20.675Z] INFO: ≡ƒôº Sending email to test@example.com via https://api.sender.net/v2/message/send {}

      at Object.log [as info] (config/logger.js:14:13)

  console.log
    [2026-02-05T13:42:24.783Z] INFO: ≡ƒô¼ API Response Status: 400 {}

      at Object.log [as info] (config/logger.js:14:13)

  console.error
    [2026-02-05T13:42:24.786Z] ERROR: Γ¥î API Error 400: email is on suppression list {}

    [0m [90m 21 |[39m     [36mconst[39m timestamp [33m=[39m [36mnew[39m [33mDate[39m()[33m.[39mtoISOString()[33m;[39m
     [90m 22 |[39m     [36mconst[39m logMessage [33m=[39m [32m`[${timestamp}] ERROR: ${message} ${JSON.stringify(data)}\n`[39m[33m;[39m
    [31m[1m>[22m[39m[90m 23 |[39m     console[33m.[39merror(logMessage)[33m;[39m
     [90m    |[39m             [31m[1m^[22m[39m
     [90m 24 |[39m     fs[33m.[39mappendFile(path[33m.[39mjoin(logsDir[33m,[39m [32m'error.log'[39m)[33m,[39m logMessage[33m,[39m (err) [33m=>[39m {
     [90m 25 |[39m       [36mif[39m (err) console[33m.[39merror([32m'Logger write failed:'[39m[33m,[39m err)[33m;[39m
     [90m 26 |[39m     })[33m;[39m[0m

      at Object.error (config/logger.js:23:13)
      at error (config/email.js:88:14)
      at sendVerificationEmailWithLink (config/email.js:232:18)
      at routes/auth.js:96:35

  console.error
    [2026-02-05T13:42:24.793Z] ERROR: Γ¥î Failed to send email to test@example.com: {"message":"Email API returned 400: email is on suppression list"}

    [0m [90m 21 |[39m     [36mconst[39m timestamp [33m=[39m [36mnew[39m [33mDate[39m()[33m.[39mtoISOString()[33m;[39m
     [90m 22 |[39m     [36mconst[39m logMessage [33m=[39m [32m`[${timestamp}] ERROR: ${message} ${JSON.stringify(data)}\n`[39m[33m;[39m
    [31m[1m>[22m[39m[90m 23 |[39m     console[33m.[39merror(logMessage)[33m;[39m
     [90m    |[39m             [31m[1m^[22m[39m
     [90m 24 |[39m     fs[33m.[39mappendFile(path[33m.[39mjoin(logsDir[33m,[39m [32m'error.log'[39m)[33m,[39m logMessage[33m,[39m (err) [33m=>[39m {
     [90m 25 |[39m       [36mif[39m (err) console[33m.[39merror([32m'Logger write failed:'[39m[33m,[39m err)[33m;[39m
     [90m 26 |[39m     })[33m;[39m[0m

      at Object.error (config/logger.js:23:13)
      at error (config/email.js:96:12)
      at sendVerificationEmailWithLink (config/email.js:232:18)
      at routes/auth.js:96:35

  console.warn
    [2026-02-05T13:42:24.797Z] WARN: Email sending error during registration (non-blocking): Email sending failed: Email API returned 400: email is on suppression list {}

    [0m [90m 30 |[39m     [36mconst[39m timestamp [33m=[39m [36mnew[39m [33mDate[39m()[33m.[39mtoISOString()[33m;[39m
     [90m 31 |[39m     [36mconst[39m logMessage [33m=[39m [32m`[${timestamp}] WARN: ${message} ${JSON.stringify(data)}\n`[39m[33m;[39m
    [31m[1m>[22m[39m[90m 32 |[39m     console[33m.[39mwarn(logMessage)[33m;[39m
     [90m    |[39m             [31m[1m^[22m[39m
     [90m 33 |[39m     fs[33m.[39mappendFile(path[33m.[39mjoin(logsDir[33m,[39m [32m'app.log'[39m)[33m,[39m logMessage[33m,[39m (err) [33m=>[39m {
     [90m 34 |[39m       [36mif[39m (err) console[33m.[39merror([32m'Logger write failed:'[39m[33m,[39m err)[33m;[39m
     [90m 35 |[39m     })[33m;[39m[0m

      at Object.warn (config/logger.js:32:13)
      at warn (routes/auth.js:108:16)

  console.log
    [2026-02-05T13:42:24.801Z] INFO: New landlord registered: test@example.com {}

      at Object.log [as info] (config/logger.js:14:13)

  console.log
    [2026-02-05T13:42:25.175Z] INFO: ≡ƒôº Sending email to test@example.com via https://api.sender.net/v2/message/send {}

      at Object.log [as info] (config/logger.js:14:13)

  console.log
    [2026-02-05T13:42:26.572Z] INFO: ≡ƒô¼ API Response Status: 400 {}

      at Object.log [as info] (config/logger.js:14:13)

  console.error
    [2026-02-05T13:42:26.574Z] ERROR: Γ¥î API Error 400: email is on suppression list {}

    [0m [90m 21 |[39m     [36mconst[39m timestamp [33m=[39m [36mnew[39m [33mDate[39m()[33m.[39mtoISOString()[33m;[39m
     [90m 22 |[39m     [36mconst[39m logMessage [33m=[39m [32m`[${timestamp}] ERROR: ${message} ${JSON.stringify(data)}\n`[39m[33m;[39m
    [31m[1m>[22m[39m[90m 23 |[39m     console[33m.[39merror(logMessage)[33m;[39m
     [90m    |[39m             [31m[1m^[22m[39m
     [90m 24 |[39m     fs[33m.[39mappendFile(path[33m.[39mjoin(logsDir[33m,[39m [32m'error.log'[39m)[33m,[39m logMessage[33m,[39m (err) [33m=>[39m {
     [90m 25 |[39m       [36mif[39m (err) console[33m.[39merror([32m'Logger write failed:'[39m[33m,[39m err)[33m;[39m
     [90m 26 |[39m     })[33m;[39m[0m

      at Object.error (config/logger.js:23:13)
      at error (config/email.js:88:14)
      at sendVerificationEmailWithLink (config/email.js:232:18)
      at routes/auth.js:96:35

  console.error
    [2026-02-05T13:42:26.578Z] ERROR: Γ¥î Failed to send email to test@example.com: {"message":"Email API returned 400: email is on suppression list"}

    [0m [90m 21 |[39m     [36mconst[39m timestamp [33m=[39m [36mnew[39m [33mDate[39m()[33m.[39mtoISOString()[33m;[39m
     [90m 22 |[39m     [36mconst[39m logMessage [33m=[39m [32m`[${timestamp}] ERROR: ${message} ${JSON.stringify(data)}\n`[39m[33m;[39m
    [31m[1m>[22m[39m[90m 23 |[39m     console[33m.[39merror(logMessage)[33m;[39m
     [90m    |[39m             [31m[1m^[22m[39m
     [90m 24 |[39m     fs[33m.[39mappendFile(path[33m.[39mjoin(logsDir[33m,[39m [32m'error.log'[39m)[33m,[39m logMessage[33m,[39m (err) [33m=>[39m {
     [90m 25 |[39m       [36mif[39m (err) console[33m.[39merror([32m'Logger write failed:'[39m[33m,[39m err)[33m;[39m
     [90m 26 |[39m     })[33m;[39m[0m

      at Object.error (config/logger.js:23:13)
      at error (config/email.js:96:12)
      at sendVerificationEmailWithLink (config/email.js:232:18)
      at routes/auth.js:96:35

  console.warn
    [2026-02-05T13:42:26.583Z] WARN: Email sending error during registration (non-blocking): Email sending failed: Email API returned 400: email is on suppression list {}

    [0m [90m 30 |[39m     [36mconst[39m timestamp [33m=[39m [36mnew[39m [33mDate[39m()[33m.[39mtoISOString()[33m;[39m
     [90m 31 |[39m     [36mconst[39m logMessage [33m=[39m [32m`[${timestamp}] WARN: ${message} ${JSON.stringify(data)}\n`[39m[33m;[39m
    [31m[1m>[22m[39m[90m 32 |[39m     console[33m.[39mwarn(logMessage)[33m;[39m
     [90m    |[39m             [31m[1m^[22m[39m
     [90m 33 |[39m     fs[33m.[39mappendFile(path[33m.[39mjoin(logsDir[33m,[39m [32m'app.log'[39m)[33m,[39m logMessage[33m,[39m (err) [33m=>[39m {
     [90m 34 |[39m       [36mif[39m (err) console[33m.[39merror([32m'Logger write failed:'[39m[33m,[39m err)[33m;[39m
     [90m 35 |[39m     })[33m;[39m[0m

      at Object.warn (config/logger.js:32:13)
      at warn (routes/auth.js:108:16)

  console.log
    [2026-02-05T13:42:26.587Z] INFO: New landlord registered: test@example.com {}

      at Object.log [as info] (config/logger.js:14:13)

  console.log
    [2026-02-05T13:42:26.737Z] INFO: Deleted unverified account for email test@example.com to allow re-registration {}

      at Object.log [as info] (config/logger.js:14:13)

  console.log
    [2026-02-05T13:42:27.122Z] INFO: ≡ƒôº Sending email to test@example.com via https://api.sender.net/v2/message/send {}

      at Object.log [as info] (config/logger.js:14:13)

  console.log
    [2026-02-05T13:42:27.495Z] INFO: ≡ƒô¼ API Response Status: 400 {}

      at Object.log [as info] (config/logger.js:14:13)

  console.error
    [2026-02-05T13:42:27.498Z] ERROR: Γ¥î API Error 400: email is on suppression list {}

    [0m [90m 21 |[39m     [36mconst[39m timestamp [33m=[39m [36mnew[39m [33mDate[39m()[33m.[39mtoISOString()[33m;[39m
     [90m 22 |[39m     [36mconst[39m logMessage [33m=[39m [32m`[${timestamp}] ERROR: ${message} ${JSON.stringify(data)}\n`[39m[33m;[39m
    [31m[1m>[22m[39m[90m 23 |[39m     console[33m.[39merror(logMessage)[33m;[39m
     [90m    |[39m             [31m[1m^[22m[39m
     [90m 24 |[39m     fs[33m.[39mappendFile(path[33m.[39mjoin(logsDir[33m,[39m [32m'error.log'[39m)[33m,[39m logMessage[33m,[39m (err) [33m=>[39m {
     [90m 25 |[39m       [36mif[39m (err) console[33m.[39merror([32m'Logger write failed:'[39m[33m,[39m err)[33m;[39m
     [90m 26 |[39m     })[33m;[39m[0m

      at Object.error (config/logger.js:23:13)
      at error (config/email.js:88:14)
      at sendVerificationEmailWithLink (config/email.js:232:18)
      at routes/auth.js:96:35

  console.error
    [2026-02-05T13:42:27.503Z] ERROR: Γ¥î Failed to send email to test@example.com: {"message":"Email API returned 400: email is on suppression list"}

    [0m [90m 21 |[39m     [36mconst[39m timestamp [33m=[39m [36mnew[39m [33mDate[39m()[33m.[39mtoISOString()[33m;[39m
     [90m 22 |[39m     [36mconst[39m logMessage [33m=[39m [32m`[${timestamp}] ERROR: ${message} ${JSON.stringify(data)}\n`[39m[33m;[39m
    [31m[1m>[22m[39m[90m 23 |[39m     console[33m.[39merror(logMessage)[33m;[39m
     [90m    |[39m             [31m[1m^[22m[39m
     [90m 24 |[39m     fs[33m.[39mappendFile(path[33m.[39mjoin(logsDir[33m,[39m [32m'error.log'[39m)[33m,[39m logMessage[33m,[39m (err) [33m=>[39m {
     [90m 25 |[39m       [36mif[39m (err) console[33m.[39merror([32m'Logger write failed:'[39m[33m,[39m err)[33m;[39m
     [90m 26 |[39m     })[33m;[39m[0m

      at Object.error (config/logger.js:23:13)
      at error (config/email.js:96:12)
      at sendVerificationEmailWithLink (config/email.js:232:18)
      at routes/auth.js:96:35

  console.warn
    [2026-02-05T13:42:27.508Z] WARN: Email sending error during registration (non-blocking): Email sending failed: Email API returned 400: email is on suppression list {}

    [0m [90m 30 |[39m     [36mconst[39m timestamp [33m=[39m [36mnew[39m [33mDate[39m()[33m.[39mtoISOString()[33m;[39m
     [90m 31 |[39m     [36mconst[39m logMessage [33m=[39m [32m`[${timestamp}] WARN: ${message} ${JSON.stringify(data)}\n`[39m[33m;[39m
    [31m[1m>[22m[39m[90m 32 |[39m     console[33m.[39mwarn(logMessage)[33m;[39m
     [90m    |[39m             [31m[1m^[22m[39m
     [90m 33 |[39m     fs[33m.[39mappendFile(path[33m.[39mjoin(logsDir[33m,[39m [32m'app.log'[39m)[33m,[39m logMessage[33m,[39m (err) [33m=>[39m {
     [90m 34 |[39m       [36mif[39m (err) console[33m.[39merror([32m'Logger write failed:'[39m[33m,[39m err)[33m;[39m
     [90m 35 |[39m     })[33m;[39m[0m

      at Object.warn (config/logger.js:32:13)
      at warn (routes/auth.js:108:16)

  console.log
    [2026-02-05T13:42:27.511Z] INFO: New landlord registered: test@example.com {}

      at Object.log [as info] (config/logger.js:14:13)

  console.error
    [2026-02-05T13:42:34.958Z] ERROR: Request error: Unexpected token 'i', "invalid json" is not valid JSON {"method":"POST","path":"/api/auth/register","stack":"SyntaxError: Unexpected token 'i', \"invalid json\" is not valid JSON\n    at JSON.parse (<anonymous>)\n    at createStrictSyntaxError (C:\\Users\\User\\Desktop\\Chuka_cribs\\node_modules\\body-parser\\lib\\types\\json.js:169:10)\n    at parse (C:\\Users\\User\\Desktop\\Chuka_cribs\\node_modules\\body-parser\\lib\\types\\json.js:86:15)\n    at C:\\Users\\User\\Desktop\\Chuka_cribs\\node_modules\\body-parser\\lib\\read.js:128:18\n    at AsyncResource.runInAsyncScope (node:async_hooks:214:14)\n    at invokeCallback (C:\\Users\\User\\Desktop\\Chuka_cribs\\node_modules\\raw-body\\index.js:238:16)\n    at done (C:\\Users\\User\\Desktop\\Chuka_cribs\\node_modules\\raw-body\\index.js:227:7)\n    at IncomingMessage.onEnd (C:\\Users\\User\\Desktop\\Chuka_cribs\\node_modules\\raw-body\\index.js:287:7)\n    at IncomingMessage.emit (node:events:518:28)\n    at endReadableNT (node:internal/streams/readable:1698:12)\n    at processTicksAndRejections (node:internal/process/task_queues:90:21)"}

    [0m [90m 21 |[39m     [36mconst[39m timestamp [33m=[39m [36mnew[39m [33mDate[39m()[33m.[39mtoISOString()[33m;[39m
     [90m 22 |[39m     [36mconst[39m logMessage [33m=[39m [32m`[${timestamp}] ERROR: ${message} ${JSON.stringify(data)}\n`[39m[33m;[39m
    [31m[1m>[22m[39m[90m 23 |[39m     console[33m.[39merror(logMessage)[33m;[39m
     [90m    |[39m             [31m[1m^[22m[39m
     [90m 24 |[39m     fs[33m.[39mappendFile(path[33m.[39mjoin(logsDir[33m,[39m [32m'error.log'[39m)[33m,[39m logMessage[33m,[39m (err) [33m=>[39m {
     [90m 25 |[39m       [36mif[39m (err) console[33m.[39merror([32m'Logger write failed:'[39m[33m,[39m err)[33m;[39m
     [90m 26 |[39m     })[33m;[39m[0m

      at Object.error (config/logger.js:23:13)
      at error (index.js:320:10)
      at newFn (node_modules/express-async-errors/index.js:16:20)
      at Layer.handle_error (node_modules/express/lib/router/layer.js:71:5)
      at trim_prefix (node_modules/express/lib/router/index.js:326:13)
      at node_modules/express/lib/router/index.js:286:9
      at Function.process_params (node_modules/express/lib/router/index.js:346:12)
      at next (node_modules/express/lib/router/index.js:280:10)
      at next (config/sentry.js:54:7)
      at newFn (node_modules/express-async-errors/index.js:16:20)
      at Layer.handle_error (node_modules/express/lib/router/layer.js:71:5)
      at trim_prefix (node_modules/express/lib/router/index.js:326:13)
      at node_modules/express/lib/router/index.js:286:9
      at Function.process_params (node_modules/express/lib/router/index.js:346:12)
      at next (node_modules/express/lib/router/index.js:280:10)
      at Layer.handle_error (node_modules/express/lib/router/layer.js:67:12)
      at trim_prefix (node_modules/express/lib/router/index.js:326:13)
      at node_modules/express/lib/router/index.js:286:9
      at Function.process_params (node_modules/express/lib/router/index.js:346:12)
      at next (node_modules/express/lib/router/index.js:280:10)
      at Layer.handle_error (node_modules/express/lib/router/layer.js:67:12)
      at trim_prefix (node_modules/express/lib/router/index.js:326:13)
      at node_modules/express/lib/router/index.js:286:9
      at Function.process_params (node_modules/express/lib/router/index.js:346:12)
      at next (node_modules/express/lib/router/index.js:280:10)
      at Layer.handle_error (node_modules/express/lib/router/layer.js:67:12)
      at trim_prefix (node_modules/express/lib/router/index.js:326:13)
      at node_modules/express/lib/router/index.js:286:9
      at Function.process_params (node_modules/express/lib/router/index.js:346:12)
      at next (node_modules/express/lib/router/index.js:280:10)
      at Layer.handle_error (node_modules/express/lib/router/layer.js:67:12)
      at trim_prefix (node_modules/express/lib/router/index.js:326:13)
      at node_modules/express/lib/router/index.js:286:9
      at Function.process_params (node_modules/express/lib/router/index.js:346:12)
      at next (node_modules/express/lib/router/index.js:280:10)
      at node_modules/body-parser/lib/read.js:130:7
      at invokeCallback (node_modules/raw-body/index.js:238:16)
      at done (node_modules/raw-body/index.js:227:7)
      at IncomingMessage.onEnd (node_modules/raw-body/index.js:287:7)

FAIL __tests__/routes/auth.test.js (30.583 s)
  Authentication Routes
    Landlord Registration
      ├ù should register a new landlord (6934 ms)
      ├ù should reject registration with missing 
fields (66 ms)
      ├ù should reject duplicate email (2620 ms)
      ΓêÜ should reject invalid email format (70 ms)
    Landlord Login
      ├ù should login with correct credentials (572 
ms)
      ├ù should reject login with wrong password 
(548 ms)
      ├ù should reject login with non-existent email 
(392 ms)
      ├ù should set secure cookie on successful 
login (476 ms)
    Landlord Profile
      ├ù should get profile with valid token (530 ms)
      ΓêÜ should reject request without token (449 
ms)
      ΓêÜ should reject request with invalid token 
(1357 ms)
      ├ù should update profile with valid token 
(2895 ms)
    Authentication Error Handling
      ΓêÜ should handle missing required fields 
gracefully (86 ms)
      ├ù should handle invalid JSON gracefully (61 
ms)

  ΓùÅ Authentication Routes ΓÇ║ Landlord 
Registration ΓÇ║ should register a new landlord

    expect(received).toBe(expected) // Object.is 
equality

    Expected: true
    Received: undefined

    [0m [90m 47 |[39m
     [90m 48 |[39m       expect(response[33m.[39m
status)[33m.[39mtoBe([35m201[39m)[33m;[39m
    [31m[1m>[22m[39m[90m 49 |[39m       expect(
response[33m.[39mbody[33m.[39msuccess)[33m.[39m
toBe([36mtrue[39m)[33m;[39m
     [90m    |[39m                                 
    [31m[1m^[22m[39m
     [90m 50 |[39m       expect(response[33m.[39m
body[33m.[39mlandlord)[33m.[39mtoBeDefined()[33m
;[39m
     [90m 51 |[39m       expect(response[33m.[39m
body[33m.[39mlandlord[33m.[39memail)[33m.[39mto
Be([32m'test@example.com'[39m)[33m;[39m
     [90m 52 |[39m     })[33m;[39m[0m

      at Object.toBe 
(__tests__/routes/auth.test.js:49:37)

  ΓùÅ Authentication Routes ΓÇ║ Landlord 
Registration ΓÇ║ should reject registration with 
missing fields

    expect(received).toBe(expected) // Object.is 
equality

    Expected: false
    Received: undefined

    [0m [90m 64 |[39m
     [90m 65 |[39m       expect(response[33m.[39m
status)[33m.[39mtoBe([35m400[39m)[33m;[39m
    [31m[1m>[22m[39m[90m 66 |[39m       expect(
response[33m.[39mbody[33m.[39msuccess)[33m.[39m
toBe([36mfalse[39m)[33m;[39m
     [90m    |[39m                                 
    [31m[1m^[22m[39m
     [90m 67 |[39m     })[33m;[39m
     [90m 68 |[39m
     [90m 69 |[39m     test([32m'should reject 
duplicate email'[39m[33m,[39m [36masync[39m () 
[33m=>[39m {[0m

      at Object.toBe 
(__tests__/routes/auth.test.js:66:37)

  ΓùÅ Authentication Routes ΓÇ║ Landlord 
Registration ΓÇ║ should reject duplicate email

    expect(received).toBe(expected) // Object.is 
equality

    Expected: 400
    Received: 201

    [0m [90m 83 |[39m         
[33m.[39msend(duplicateData)[33m;[39m
     [90m 84 |[39m
    [31m[1m>[22m[39m[90m 85 |[39m       expect(
response[33m.[39mstatus)[33m.[39mtoBe([35m400[3
9m)[33m;[39m
     [90m    |[39m                               
[31m[1m^[22m[39m
     [90m 86 |[39m       expect(response[33m.[39m
body[33m.[39msuccess)[33m.[39mtoBe([36mfalse[39
m)[33m;[39m
     [90m 87 |[39m     })[33m;[39m
     [90m 88 |[39m[0m

      at Object.toBe 
(__tests__/routes/auth.test.js:85:31)

  ΓùÅ Authentication Routes ΓÇ║ Landlord Login ΓÇ║ 
should login with correct credentials

    expect(received).toBe(expected) // Object.is 
equality

    Expected: 200
    Received: 401

    [0m [90m 121 |[39m         })[33m;[39m
     [90m 122 |[39m
    [31m[1m>[22m[39m[90m 123 |[39m       expect
(response[33m.[39mstatus)[33m.[39mtoBe([35m200[
39m)[33m;[39m
     [90m     |[39m                               
[31m[1m^[22m[39m
     [90m 124 |[39m       expect(response[33m.[39
mbody[33m.[39msuccess)[33m.[39mtoBe([36mtrue[39
m)[33m;[39m
     [90m 125 |[39m       expect(response[33m.[39
mbody[33m.[39mtoken)[33m.[39mtoBeDefined()[33m;
[39m
     [90m 126 |[39m       expect(response[33m.[39
mheaders[[32m'set-cookie'[39m])[33m.[39mtoBeDefin
ed()[33m;[39m[0m

      at Object.toBe 
(__tests__/routes/auth.test.js:123:31)

  ΓùÅ Authentication Routes ΓÇ║ Landlord Login ΓÇ║ 
should reject login with wrong password

    expect(received).toBe(expected) // Object.is 
equality

    Expected: false
    Received: undefined

    [0m [90m 136 |[39m
     [90m 137 |[39m       expect(response[33m.[39
mstatus)[33m.[39mtoBe([35m401[39m)[33m;[39m
    [31m[1m>[22m[39m[90m 138 |[39m       expect
(response[33m.[39mbody[33m.[39msuccess)[33m.[39
mtoBe([36mfalse[39m)[33m;[39m
     [90m     |[39m                                
     [31m[1m^[22m[39m
     [90m 139 |[39m     })[33m;[39m
     [90m 140 |[39m
     [90m 141 |[39m     test([32m'should reject 
login with non-existent email'[39m[33m,[39m 
[36masync[39m () [33m=>[39m {[0m

      at Object.toBe 
(__tests__/routes/auth.test.js:138:37)

  ΓùÅ Authentication Routes ΓÇ║ Landlord Login ΓÇ║ 
should reject login with non-existent email

    expect(received).toBe(expected) // Object.is 
equality

    Expected: false
    Received: undefined

    [0m [90m 148 |[39m
     [90m 149 |[39m       expect(response[33m.[39
mstatus)[33m.[39mtoBe([35m401[39m)[33m;[39m
    [31m[1m>[22m[39m[90m 150 |[39m       expect
(response[33m.[39mbody[33m.[39msuccess)[33m.[39
mtoBe([36mfalse[39m)[33m;[39m
     [90m     |[39m                                
     [31m[1m^[22m[39m
     [90m 151 |[39m     })[33m;[39m
     [90m 152 |[39m
     [90m 153 |[39m     test([32m'should set 
secure cookie on successful login'[39m[33m,[39m 
[36masync[39m () [33m=>[39m {[0m

      at Object.toBe 
(__tests__/routes/auth.test.js:150:37)

  ΓùÅ Authentication Routes ΓÇ║ Landlord Login ΓÇ║ 
should set secure cookie on successful login

    expect(received).toBeDefined()

    Received: undefined

    [0m [90m 160 |[39m
     [90m 161 |[39m       [36mconst[39m cookies 
[33m=[39m response[33m.[39mheaders[[32m'set-cook
ie'[39m][33m;[39m
    [31m[1m>[22m[39m[90m 162 |[39m       
expect(cookies)[33m.[39mtoBeDefined()[33m;[39m
     [90m     |[39m                       
[31m[1m^[22m[39m
     [90m 163 |[39m       expect(cookies[[35m0[39
m])[33m.[39mtoContain([32m'authToken'[39m)[33m;
[39m
     [90m 164 |[39m       expect(cookies[[35m0[39
m])[33m.[39mtoContain([32m'HttpOnly'[39m)[33m;[
39m
     [90m 165 |[39m     })[33m;[39m[0m

      at Object.toBeDefined 
(__tests__/routes/auth.test.js:162:23)

  ΓùÅ Authentication Routes ΓÇ║ Landlord Profile ΓÇ║ 
should get profile with valid token

    expect(received).toBe(expected) // Object.is 
equality

    Expected: 200
    Received: 401

    [0m [90m 194 |[39m         [33m.[39m[36mset
[39m([32m'Authorization'[39m[33m,[39m 
[32m`Bearer ${token}`[39m)[33m;[39m
     [90m 195 |[39m
    [31m[1m>[22m[39m[90m 196 |[39m       expect
(response[33m.[39mstatus)[33m.[39mtoBe([35m200[
39m)[33m;[39m
     [90m     |[39m                               
[31m[1m^[22m[39m
     [90m 197 |[39m       expect(response[33m.[39
mbody[33m.[39memail)[33m.[39mtoBe([32m'test@exam
ple.com'[39m)[33m;[39m
     [90m 198 |[39m       expect(response[33m.[39
mbody[33m.[39mname)[33m.[39mtoBe([32m'Test 
Landlord'[39m)[33m;[39m
     [90m 199 |[39m     })[33m;[39m[0m

      at Object.toBe 
(__tests__/routes/auth.test.js:196:31)

  ΓùÅ Authentication Routes ΓÇ║ Landlord Profile ΓÇ║ 
should update profile with valid token

    expect(received).toBe(expected) // Object.is 
equality

    Expected: 200
    Received: 404

    [0m [90m 223 |[39m         })[33m;[39m
     [90m 224 |[39m
    [31m[1m>[22m[39m[90m 225 |[39m       expect
(response[33m.[39mstatus)[33m.[39mtoBe([35m200[
39m)[33m;[39m
     [90m     |[39m                               
[31m[1m^[22m[39m
     [90m 226 |[39m       expect(response[33m.[39
mbody[33m.[39mname)[33m.[39mtoBe([32m'Updated 
Name'[39m)[33m;[39m
     [90m 227 |[39m       expect(response[33m.[39
mbody[33m.[39mphone)[33m.[39mtoBe([32m'+25478765
4321'[39m)[33m;[39m
     [90m 228 |[39m     })[33m;[39m[0m

      at Object.toBe 
(__tests__/routes/auth.test.js:225:31)

  ΓùÅ Authentication Routes ΓÇ║ Authentication Error 
Handling ΓÇ║ should handle invalid JSON gracefully

    expect(received).toBe(expected) // Object.is 
equality

    Expected: 400
    Received: 500

    [0m [90m 244 |[39m         
[33m.[39msend([32m'invalid json'[39m)[33m;[39m
     [90m 245 |[39m
    [31m[1m>[22m[39m[90m 246 |[39m       expect
(response[33m.[39mstatus)[33m.[39mtoBe([35m400[
39m)[33m;[39m
     [90m     |[39m                               
[31m[1m^[22m[39m
     [90m 247 |[39m     })[33m;[39m
     [90m 248 |[39m   })[33m;[39m
     [90m 249 |[39m })[33m;[39m[0m

      at Object.toBe 
(__tests__/routes/auth.test.js:246:31)

(node:13428) DeprecationWarning: current URL string 
parser is deprecated, and will be removed in a 
future version. To use the new parser, pass option { 
useNewUrlParser: true } to MongoClient.connect.
(node:13428) [MONGODB DRIVER] Warning: Current 
Server Discovery and Monitoring engine is 
deprecated, and will be removed in a future version. 
To use the new Server Discover and Monitoring 
engine, pass option { useUnifiedTopology: true } to 
the MongoClient constructor.
(node:13428) DeprecationWarning: 
collection.ensureIndex is deprecated. Use 
createIndexes instead.
PASS __tests__/performance/performance.test.js 
(17.479 s)
  Performance Tests
    Database Operations Performance
      ΓêÜ Landlord creation should complete in 
<500ms (266 ms)
      ΓêÜ Bulk Landlord creation of 100 users should 
complete in <10 seconds (780 ms)
      ΓêÜ House find query should complete in <100ms 
(194 ms)
      ΓêÜ Bulk House queries should handle 50 
concurrent finds (1286 ms)
    Data Validation Performance
      ΓêÜ Schema validation should complete in <10ms 
(22 ms)
      ΓêÜ Batch validation of 100 objects should 
complete in <500ms (124 ms)
    Memory Usage
      ΓêÜ Creating 1000 objects should not exceed 
50MB memory increase (20 ms)
      ΓêÜ Mongoose object instantiation memory 
efficiency (84 ms)
    Throughput Tests
      ΓêÜ Should handle 100 Landlord validations per 
second (121 ms)
      ΓêÜ Should handle 500 House validations per 
second (737 ms)
    Database Index Performance
      ΓêÜ Indexed field queries should be fast (321 
ms)
      ΓêÜ Non-indexed field queries should still be 
acceptable (180 ms)
    Large Dataset Handling
      ΓêÜ Should efficiently query from 500+ 
document collection (7941 ms)

(node:13428) DeprecationWarning: current URL string 
parser is deprecated, and will be removed in a 
future version. To use the new parser, pass option { 
useNewUrlParser: true } to MongoClient.connect.
(node:13428) [MONGODB DRIVER] Warning: Current 
Server Discovery and Monitoring engine is 
deprecated, and will be removed in a future version. 
To use the new Server Discover and Monitoring 
engine, pass option { useUnifiedTopology: true } to 
the MongoClient constructor.
(node:13428) DeprecationWarning: 
collection.ensureIndex is deprecated. Use 
createIndexes instead.
(node:13428) DeprecationWarning: Mongoose: 
`findOneAndUpdate()` and `findOneAndDelete()` 
without the `useFindAndModify` option set to false 
are deprecated. See: https://mongoosejs.com/docs/5.x/
docs/deprecations.html#findandmodify
PASS __tests__/models/Landlord.test.js (5.433 s)
  Landlord Model
    Creation
      ΓêÜ should create a landlord with all required 
fields (314 ms)
      ΓêÜ should fail if required fields are missing 
(38 ms)
      ΓêÜ should enforce unique email (512 ms)
      ΓêÜ should enforce unique idNumber (381 ms)
      ΓêÜ should validate email format (19 ms)
    Retrieval
      ΓêÜ should find landlord by email (216 ms)
      ΓêÜ should find landlord by ID (452 ms)
      ΓêÜ should return null when landlord not found 
(17 ms)
    Updates
      ΓêÜ should update landlord name (222 ms)
      ΓêÜ should update verified status (232 ms)
    Deletion
      ΓêÜ should delete landlord (285 ms)
    Validation
      ΓêÜ should trim whitespace from fields (216 ms)
      ΓêÜ should convert email to lowercase (207 ms)

PASS __tests__/models/Landlord.simple.test.js
  Landlord Model
    Schema validation
      ΓêÜ should require name field (8 ms)
      ΓêÜ should require email field (7 ms)
      ΓêÜ should require password field (3 ms)
      ΓêÜ should accept valid landlord data (3 ms)
      ΓêÜ should validate email format (5 ms)
      ΓêÜ should have verified flag defaulting to 
false (3 ms)
    Field defaults and types
      ΓêÜ should trim name whitespace (2 ms)
      ΓêÜ should convert email to lowercase (2 ms)
      ΓêÜ should create landlord with all fields (3 
ms)
    Instance methods
      ΓêÜ should have instance methods available (4 
ms)
    Uniqueness constraints
      ΓêÜ should have email field defined (2 ms)
      ΓêÜ should have idNumber field defined (2 ms)

(node:13428) DeprecationWarning: current URL string 
parser is deprecated, and will be removed in a 
future version. To use the new parser, pass option { 
useNewUrlParser: true } to MongoClient.connect.
(node:13428) [MONGODB DRIVER] Warning: Current 
Server Discovery and Monitoring engine is 
deprecated, and will be removed in a future version. 
To use the new Server Discover and Monitoring 
engine, pass option { useUnifiedTopology: true } to 
the MongoClient constructor.
(node:13428) DeprecationWarning: 
collection.ensureIndex is deprecated. Use 
createIndexes instead.
(node:13428) DeprecationWarning: Mongoose: 
`findOneAndUpdate()` and `findOneAndDelete()` 
without the `useFindAndModify` option set to false 
are deprecated. See: https://mongoosejs.com/docs/5.x/
docs/deprecations.html#findandmodify
FAIL __tests__/models/House.test.js (6.687 s)
  House Model
    Creation
      ΓêÜ should create a house with required fields 
(166 ms)
      ΓêÜ should fail if required fields are missing 
(98 ms)
      ΓêÜ should validate house type enum (60 ms)
      ΓêÜ should accept valid house types (251 ms)
      ΓêÜ should set default bedrooms to 1 if not 
specified (47 ms)
      ΓêÜ should enforce minimum price of 0 (44 ms)
      ΓêÜ should accept empty images array initially 
(69 ms)
    Amenities
      ΓêÜ should set amenity defaults (57 ms)
      ΓêÜ should allow amenity updates (91 ms)
    Retrieval
      ΓêÜ should find house by location (127 ms)
      ΓêÜ should find multiple houses (100 ms)
      ΓêÜ should find houses by price range (101 ms)
      ΓêÜ should find houses by type (100 ms)
    Updates
      ΓêÜ should update house details (81 ms)
      ΓêÜ should add images (86 ms)
    Deletion
      ΓêÜ should delete house (83 ms)
    Validation
      ├ù should trim whitespace from fields (69 ms)
      ΓêÜ should require positive price (63 ms)

  ΓùÅ House Model ΓÇ║ Validation ΓÇ║ should trim 
whitespace from fields

    expect(received).toBe(expected) // Object.is 
equality

    Expected: "Nice place"
    Received: "  Nice place  "

    [0m [90m 255 |[39m       expect(house[33m.[3
9mtitle)[33m.[39mtoBe([32m'Beautiful 
Apartment'[39m)[33m;[39m
     [90m 256 |[39m       expect(house[33m.[39mlo
cation)[33m.[39mtoBe([32m'Chuka 
Town'[39m)[33m;[39m
    [31m[1m>[22m[39m[90m 257 |[39m       expect
(house[33m.[39mdescription)[33m.[39mtoBe([32m'Ni
ce place'[39m)[33m;[39m
     [90m     |[39m                                
 [31m[1m^[22m[39m
     [90m 258 |[39m     })[33m;[39m
     [90m 259 |[39m
     [90m 260 |[39m     test([32m'should require 
positive price'[39m[33m,[39m [36masync[39m () 
[33m=>[39m {[0m

      at Object.toBe 
(__tests__/models/House.test.js:257:33)

PASS __tests__/models/House.simple.test.js
  House Model
    Schema validation
      ΓêÜ should require title field (16 ms)
      ΓêÜ should require location field (10 ms)
      ΓêÜ should require price field (7 ms)
      ΓêÜ should require type field (8 ms)
      ΓêÜ should require images array (6 ms)
      ΓêÜ should accept valid house data (8 ms)
    Type validation
      ΓêÜ should validate house type enum (8 ms)
      ΓêÜ should accept valid house types (18 ms)
    Price validation
      ΓêÜ should enforce minimum price of 0 (7 ms)
      ΓêÜ should accept zero price (7 ms)
    Bedrooms validation
      ΓêÜ should set default bedrooms to 1 (16 ms)
      ΓêÜ should accept custom bedroom count (6 ms)
    Amenities
      ΓêÜ should initialize with amenities object (5 
ms)
      ΓêÜ should have default amenity values (9 ms)
      ΓêÜ should allow amenity updates (5 ms)
    Images validation
      ΓêÜ should require at least one image (10 ms)
      ΓêÜ should accept multiple images (6 ms)
    Field data types
      ΓêÜ should have correct field types (8 ms)
      ΓêÜ should trim whitespace from text fields (6 
ms)
    Timestamps
      ΓêÜ should support timestamps if enabled in 
schema (7 ms)

Test Suites: 3 failed, 4 passed, 7 total
Tests:       28 failed, 79 passed, 107 total
Snapshots:   0 total
Time:        81.782 s
Ran all test suites.
